jfsjfds
f
dsf

